cmp-v3.2.0/dataset_description.json
cmp-v3.2.0/sub-01/ses-01/anat/sub-01_ses-01_atlas-Desikan_dseg.graphml
cmp-v3.2.0/sub-01/ses-01/anat/sub-01_ses-01_atlas-Desikan_dseg.nii.gz
cmp-v3.2.0/sub-01/ses-01/anat/sub-01_ses-01_atlas-Desikan_dseg.tsv
cmp-v3.2.0/sub-01/ses-01/anat/sub-01_ses-01_atlas-Desikan_FreeSurferColorLUT.txt
cmp-v3.2.0/sub-01/ses-01/anat/sub-01_ses-01_atlas-Desikan_stats.tsv
cmp-v3.2.0/sub-01/ses-01/anat/sub-01_ses-01_desc-aparcaseg_dseg.nii.gz
cmp-v3.2.0/sub-01/ses-01/anat/sub-01_ses-01_desc-brain_mask.nii.gz
cmp-v3.2.0/sub-01/ses-01/anat/sub-01_ses-01_desc-brain_T1w.nii.gz
cmp-v3.2.0/sub-01/ses-01/anat/sub-01_ses-01_desc-cmp_T1w.json
cmp-v3.2.0/sub-01/ses-01/anat/sub-01_ses-01_desc-cmp_T1w.nii.gz
cmp-v3.2.0/sub-01/ses-01/anat/sub-01_ses-01_desc-head_T1w.nii.gz
cmp-v3.2.0/sub-01/ses-01/anat/sub-01_ses-01_label-brain_desc-eroded_dseg.nii.gz
cmp-v3.2.0/sub-01/ses-01/anat/sub-01_ses-01_label-CSF_desc-eroded_dseg.nii.gz
cmp-v3.2.0/sub-01/ses-01/anat/sub-01_ses-01_label-CSF_dseg.nii.gz
cmp-v3.2.0/sub-01/ses-01/anat/sub-01_ses-01_label-GM_dseg.nii.gz
cmp-v3.2.0/sub-01/ses-01/anat/sub-01_ses-01_label-WM_desc-eroded_dseg.nii.gz
cmp-v3.2.0/sub-01/ses-01/anat/sub-01_ses-01_label-WM_dseg.nii.gz
cmp-v3.2.0/sub-01/ses-01/sub-01_ses-01_anatomical_config.json
freesurfer-7.1.1/dataset_description.json
freesurfer-7.1.1/sub-01_ses-01/label/aparc.annot.a2009s.ctab
freesurfer-7.1.1/sub-01_ses-01/label/aparc.annot.ctab
freesurfer-7.1.1/sub-01_ses-01/label/aparc.annot.DKTatlas.ctab
freesurfer-7.1.1/sub-01_ses-01/label/BA_exvivo.ctab
freesurfer-7.1.1/sub-01_ses-01/label/BA_exvivo.thresh.ctab
freesurfer-7.1.1/sub-01_ses-01/label/lh.aparc.a2009s.annot
freesurfer-7.1.1/sub-01_ses-01/label/lh.aparc.annot
freesurfer-7.1.1/sub-01_ses-01/label/lh.aparc.DKTatlas.annot
freesurfer-7.1.1/sub-01_ses-01/label/lh.BA1_exvivo.label
freesurfer-7.1.1/sub-01_ses-01/label/lh.BA1_exvivo.thresh.label
freesurfer-7.1.1/sub-01_ses-01/label/lh.BA2_exvivo.label
freesurfer-7.1.1/sub-01_ses-01/label/lh.BA2_exvivo.thresh.label
freesurfer-7.1.1/sub-01_ses-01/label/lh.BA3a_exvivo.label
freesurfer-7.1.1/sub-01_ses-01/label/lh.BA3a_exvivo.thresh.label
freesurfer-7.1.1/sub-01_ses-01/label/lh.BA3b_exvivo.label
freesurfer-7.1.1/sub-01_ses-01/label/lh.BA3b_exvivo.thresh.label
freesurfer-7.1.1/sub-01_ses-01/label/lh.BA44_exvivo.label
freesurfer-7.1.1/sub-01_ses-01/label/lh.BA44_exvivo.thresh.label
freesurfer-7.1.1/sub-01_ses-01/label/lh.BA45_exvivo.label
freesurfer-7.1.1/sub-01_ses-01/label/lh.BA45_exvivo.thresh.label
freesurfer-7.1.1/sub-01_ses-01/label/lh.BA4a_exvivo.label
freesurfer-7.1.1/sub-01_ses-01/label/lh.BA4a_exvivo.thresh.label
freesurfer-7.1.1/sub-01_ses-01/label/lh.BA4p_exvivo.label
freesurfer-7.1.1/sub-01_ses-01/label/lh.BA4p_exvivo.thresh.label
freesurfer-7.1.1/sub-01_ses-01/label/lh.BA6_exvivo.label
freesurfer-7.1.1/sub-01_ses-01/label/lh.BA6_exvivo.thresh.label
freesurfer-7.1.1/sub-01_ses-01/label/lh.BA_exvivo.annot
freesurfer-7.1.1/sub-01_ses-01/label/lh.BA_exvivo.thresh.annot
freesurfer-7.1.1/sub-01_ses-01/label/lh.cortex.label
freesurfer-7.1.1/sub-01_ses-01/label/lh.entorhinal_exvivo.label
freesurfer-7.1.1/sub-01_ses-01/label/lh.entorhinal_exvivo.thresh.label
freesurfer-7.1.1/sub-01_ses-01/label/lh.lausanne2018.scale1.annot
freesurfer-7.1.1/sub-01_ses-01/label/lh.lausanne2018.scale2.annot
freesurfer-7.1.1/sub-01_ses-01/label/lh.lausanne2018.scale3.annot
freesurfer-7.1.1/sub-01_ses-01/label/lh.lausanne2018.scale4.annot
freesurfer-7.1.1/sub-01_ses-01/label/lh.lausanne2018.scale5.annot
freesurfer-7.1.1/sub-01_ses-01/label/lh.mpm.vpnl.annot
freesurfer-7.1.1/sub-01_ses-01/label/lh.MT_exvivo.label
freesurfer-7.1.1/sub-01_ses-01/label/lh.MT_exvivo.thresh.label
freesurfer-7.1.1/sub-01_ses-01/label/lh.perirhinal_exvivo.label
freesurfer-7.1.1/sub-01_ses-01/label/lh.perirhinal_exvivo.thresh.label
freesurfer-7.1.1/sub-01_ses-01/label/lh.V1_exvivo.label
freesurfer-7.1.1/sub-01_ses-01/label/lh.V1_exvivo.thresh.label
freesurfer-7.1.1/sub-01_ses-01/label/lh.V2_exvivo.label
freesurfer-7.1.1/sub-01_ses-01/label/lh.V2_exvivo.thresh.label
freesurfer-7.1.1/sub-01_ses-01/label/rh.aparc.a2009s.annot
freesurfer-7.1.1/sub-01_ses-01/label/rh.aparc.annot
freesurfer-7.1.1/sub-01_ses-01/label/rh.aparc.DKTatlas.annot
freesurfer-7.1.1/sub-01_ses-01/label/rh.BA1_exvivo.label
freesurfer-7.1.1/sub-01_ses-01/label/rh.BA1_exvivo.thresh.label
freesurfer-7.1.1/sub-01_ses-01/label/rh.BA2_exvivo.label
freesurfer-7.1.1/sub-01_ses-01/label/rh.BA2_exvivo.thresh.label
freesurfer-7.1.1/sub-01_ses-01/label/rh.BA3a_exvivo.label
freesurfer-7.1.1/sub-01_ses-01/label/rh.BA3a_exvivo.thresh.label
freesurfer-7.1.1/sub-01_ses-01/label/rh.BA3b_exvivo.label
freesurfer-7.1.1/sub-01_ses-01/label/rh.BA3b_exvivo.thresh.label
freesurfer-7.1.1/sub-01_ses-01/label/rh.BA44_exvivo.label
freesurfer-7.1.1/sub-01_ses-01/label/rh.BA44_exvivo.thresh.label
freesurfer-7.1.1/sub-01_ses-01/label/rh.BA45_exvivo.label
freesurfer-7.1.1/sub-01_ses-01/label/rh.BA45_exvivo.thresh.label
freesurfer-7.1.1/sub-01_ses-01/label/rh.BA4a_exvivo.label
freesurfer-7.1.1/sub-01_ses-01/label/rh.BA4a_exvivo.thresh.label
freesurfer-7.1.1/sub-01_ses-01/label/rh.BA4p_exvivo.label
freesurfer-7.1.1/sub-01_ses-01/label/rh.BA4p_exvivo.thresh.label
freesurfer-7.1.1/sub-01_ses-01/label/rh.BA6_exvivo.label
freesurfer-7.1.1/sub-01_ses-01/label/rh.BA6_exvivo.thresh.label
freesurfer-7.1.1/sub-01_ses-01/label/rh.BA_exvivo.annot
freesurfer-7.1.1/sub-01_ses-01/label/rh.BA_exvivo.thresh.annot
freesurfer-7.1.1/sub-01_ses-01/label/rh.cortex+hipamyg.label
freesurfer-7.1.1/sub-01_ses-01/label/rh.cortex.label
freesurfer-7.1.1/sub-01_ses-01/label/rh.entorhinal_exvivo.label
freesurfer-7.1.1/sub-01_ses-01/label/rh.entorhinal_exvivo.thresh.label
freesurfer-7.1.1/sub-01_ses-01/label/rh.lausanne2018.scale1.annot
freesurfer-7.1.1/sub-01_ses-01/label/rh.lausanne2018.scale2.annot
freesurfer-7.1.1/sub-01_ses-01/label/rh.lausanne2018.scale3.annot
freesurfer-7.1.1/sub-01_ses-01/label/rh.lausanne2018.scale4.annot
freesurfer-7.1.1/sub-01_ses-01/label/rh.lausanne2018.scale5.annot
freesurfer-7.1.1/sub-01_ses-01/label/rh.mpm.vpnl.annot
freesurfer-7.1.1/sub-01_ses-01/label/rh.MT_exvivo.label
freesurfer-7.1.1/sub-01_ses-01/label/rh.MT_exvivo.thresh.label
freesurfer-7.1.1/sub-01_ses-01/label/rh.perirhinal_exvivo.label
freesurfer-7.1.1/sub-01_ses-01/label/rh.perirhinal_exvivo.thresh.label
freesurfer-7.1.1/sub-01_ses-01/label/rh.V1_exvivo.label
freesurfer-7.1.1/sub-01_ses-01/label/rh.V1_exvivo.thresh.label
freesurfer-7.1.1/sub-01_ses-01/label/rh.V2_exvivo.label
freesurfer-7.1.1/sub-01_ses-01/label/rh.V2_exvivo.thresh.label
freesurfer-7.1.1/sub-01_ses-01/mri/antsdn.brain.mgz
freesurfer-7.1.1/sub-01_ses-01/mri/aparc.a2009s+aseg.mgz
freesurfer-7.1.1/sub-01_ses-01/mri/aparc+aseg.mgz
freesurfer-7.1.1/sub-01_ses-01/mri/aparc+aseg.nii.gz
freesurfer-7.1.1/sub-01_ses-01/mri/aparc.DKTatlas+aseg.mgz
freesurfer-7.1.1/sub-01_ses-01/mri/aseg.auto.mgz
freesurfer-7.1.1/sub-01_ses-01/mri/aseg.auto_noCCseg.label_intensities.txt
freesurfer-7.1.1/sub-01_ses-01/mri/aseg.auto_noCCseg.mgz
freesurfer-7.1.1/sub-01_ses-01/mri/aseg.mgz
freesurfer-7.1.1/sub-01_ses-01/mri/aseg.nii.gz
freesurfer-7.1.1/sub-01_ses-01/mri/aseg.presurf.hypos.mgz
freesurfer-7.1.1/sub-01_ses-01/mri/aseg.presurf.mgz
freesurfer-7.1.1/sub-01_ses-01/mri/brain.finalsurfs.mgz
freesurfer-7.1.1/sub-01_ses-01/mri/brainmask.auto.mgz
freesurfer-7.1.1/sub-01_ses-01/mri/brainmask_eroded.nii.gz
freesurfer-7.1.1/sub-01_ses-01/mri/brainmask.mgz
freesurfer-7.1.1/sub-01_ses-01/mri/brainmask.nii.gz
freesurfer-7.1.1/sub-01_ses-01/mri/brain.mgz
freesurfer-7.1.1/sub-01_ses-01/mri/brain.nii.gz
freesurfer-7.1.1/sub-01_ses-01/mri/csf_mask_eroded.nii.gz
freesurfer-7.1.1/sub-01_ses-01/mri/csf_mask.nii.gz
freesurfer-7.1.1/sub-01_ses-01/mri/ctrl_pts.mgz
freesurfer-7.1.1/sub-01_ses-01/mri/filled.mgz
freesurfer-7.1.1/sub-01_ses-01/mri/freesurferaparc/ROIv_HR_th.nii.gz
freesurfer-7.1.1/sub-01_ses-01/mri/fsmask_1mm_eroded.nii.gz
freesurfer-7.1.1/sub-01_ses-01/mri/fsmask_1mm.nii.gz
freesurfer-7.1.1/sub-01_ses-01/mri/gmmask.nii.gz
freesurfer-7.1.1/sub-01_ses-01/mri/lh.ribbon.mgz
freesurfer-7.1.1/sub-01_ses-01/mri/mri_nu_correct.mni.log
freesurfer-7.1.1/sub-01_ses-01/mri/mri_nu_correct.mni.log.bak
freesurfer-7.1.1/sub-01_ses-01/mri/norm.mgz
freesurfer-7.1.1/sub-01_ses-01/mri/nu.mgz
freesurfer-7.1.1/sub-01_ses-01/mri/orig/001.mgz
freesurfer-7.1.1/sub-01_ses-01/mri/orig.mgz
freesurfer-7.1.1/sub-01_ses-01/mri/orig_nu.mgz
freesurfer-7.1.1/sub-01_ses-01/mri/rawavg.mgz
freesurfer-7.1.1/sub-01_ses-01/mri/rh.ribbon.mgz
freesurfer-7.1.1/sub-01_ses-01/mri/ribbon.mgz
freesurfer-7.1.1/sub-01_ses-01/mri/ribbon.nii.gz
freesurfer-7.1.1/sub-01_ses-01/mri/ROI_scale1_Lausanne2018.nii.gz
freesurfer-7.1.1/sub-01_ses-01/mri/ROI_scale2_Lausanne2018.nii.gz
freesurfer-7.1.1/sub-01_ses-01/mri/ROI_scale3_Lausanne2018.nii.gz
freesurfer-7.1.1/sub-01_ses-01/mri/ROI_scale4_Lausanne2018.nii.gz
freesurfer-7.1.1/sub-01_ses-01/mri/ROI_scale5_Lausanne2018.nii.gz
freesurfer-7.1.1/sub-01_ses-01/mri/ROIv_freesurferaparc.nii.gz
freesurfer-7.1.1/sub-01_ses-01/mri/ROIv_scale1_Lausanne2018.nii.gz
freesurfer-7.1.1/sub-01_ses-01/mri/ROIv_scale1_Lausanne2018.ni.mgz
freesurfer-7.1.1/sub-01_ses-01/mri/ROIv_scale2_Lausanne2018.nii.gz
freesurfer-7.1.1/sub-01_ses-01/mri/ROIv_scale2_Lausanne2018.ni.mgz
freesurfer-7.1.1/sub-01_ses-01/mri/ROIv_scale3_Lausanne2018.nii.gz
freesurfer-7.1.1/sub-01_ses-01/mri/ROIv_scale3_Lausanne2018.ni.mgz
freesurfer-7.1.1/sub-01_ses-01/mri/ROIv_scale4_Lausanne2018.nii.gz
freesurfer-7.1.1/sub-01_ses-01/mri/ROIv_scale4_Lausanne2018.ni.mgz
freesurfer-7.1.1/sub-01_ses-01/mri/ROIv_scale5_Lausanne2018.nii.gz
freesurfer-7.1.1/sub-01_ses-01/mri/ROIv_scale5_Lausanne2018.ni.mgz
freesurfer-7.1.1/sub-01_ses-01/mri/segment.dat
freesurfer-7.1.1/sub-01_ses-01/mri/surface.defects.mgz
freesurfer-7.1.1/sub-01_ses-01/mri/T1.mgz
freesurfer-7.1.1/sub-01_ses-01/mri/T1.nii.gz
freesurfer-7.1.1/sub-01_ses-01/mri/talairach.label_intensities.txt
freesurfer-7.1.1/sub-01_ses-01/mri/talairach.log
freesurfer-7.1.1/sub-01_ses-01/mri/talairach_with_skull.log
freesurfer-7.1.1/sub-01_ses-01/mri/transforms/cc_up.lta
freesurfer-7.1.1/sub-01_ses-01/mri/transforms/talairach.auto.xfm
freesurfer-7.1.1/sub-01_ses-01/mri/transforms/talairach.auto.xfm.lta
freesurfer-7.1.1/sub-01_ses-01/mri/transforms/talairach_avi.log
freesurfer-7.1.1/sub-01_ses-01/mri/transforms/talairach_avi_QA.log
freesurfer-7.1.1/sub-01_ses-01/mri/transforms/talairach.lta
freesurfer-7.1.1/sub-01_ses-01/mri/transforms/talairach.m3z
freesurfer-7.1.1/sub-01_ses-01/mri/transforms/talairach_with_skull.lta
freesurfer-7.1.1/sub-01_ses-01/mri/transforms/talairach.xfm
freesurfer-7.1.1/sub-01_ses-01/mri/transforms/talairach.xfm.lta
freesurfer-7.1.1/sub-01_ses-01/mri/transforms/talsrcimg_to_711-2C_as_mni_average_305_t4_vox2vox.txt
freesurfer-7.1.1/sub-01_ses-01/mri/wm.asegedit.mgz
freesurfer-7.1.1/sub-01_ses-01/mri/wm.mgz
freesurfer-7.1.1/sub-01_ses-01/mri/wmparc.mgz
freesurfer-7.1.1/sub-01_ses-01/mri/wm.seg.mgz
freesurfer-7.1.1/sub-01_ses-01/scripts/build-stamp.txt
freesurfer-7.1.1/sub-01_ses-01/scripts/defect2seg.log
freesurfer-7.1.1/sub-01_ses-01/scripts/lastcall.build-stamp.txt
freesurfer-7.1.1/sub-01_ses-01/scripts/patchdir.txt
freesurfer-7.1.1/sub-01_ses-01/scripts/pctsurfcon.log
freesurfer-7.1.1/sub-01_ses-01/scripts/pctsurfcon.log.old
freesurfer-7.1.1/sub-01_ses-01/scripts/ponscc.cut.log
freesurfer-7.1.1/sub-01_ses-01/scripts/recon-all.cmd
freesurfer-7.1.1/sub-01_ses-01/scripts/recon-all.done
freesurfer-7.1.1/sub-01_ses-01/scripts/recon-all.env
freesurfer-7.1.1/sub-01_ses-01/scripts/recon-all.local-copy
freesurfer-7.1.1/sub-01_ses-01/scripts/recon-all.log
freesurfer-7.1.1/sub-01_ses-01/scripts/recon-all-status.log
freesurfer-7.1.1/sub-01_ses-01/scripts/recon-config.yaml
freesurfer-7.1.1/sub-01_ses-01/scripts/unknown-args.txt
freesurfer-7.1.1/sub-01_ses-01/stats/aseg.stats
freesurfer-7.1.1/sub-01_ses-01/stats/brainvol.stats
freesurfer-7.1.1/sub-01_ses-01/stats/lh.aparc.a2009s.stats
freesurfer-7.1.1/sub-01_ses-01/stats/lh.aparc.DKTatlas.stats
freesurfer-7.1.1/sub-01_ses-01/stats/lh.aparc.pial.stats
freesurfer-7.1.1/sub-01_ses-01/stats/lh.aparc.stats
freesurfer-7.1.1/sub-01_ses-01/stats/lh.BA_exvivo.stats
freesurfer-7.1.1/sub-01_ses-01/stats/lh.BA_exvivo.thresh.stats
freesurfer-7.1.1/sub-01_ses-01/stats/lh.curv.stats
freesurfer-7.1.1/sub-01_ses-01/stats/lh.w-g.pct.stats
freesurfer-7.1.1/sub-01_ses-01/stats/rh.aparc.a2009s.stats
freesurfer-7.1.1/sub-01_ses-01/stats/rh.aparc.DKTatlas.stats
freesurfer-7.1.1/sub-01_ses-01/stats/rh.aparc.pial.stats
freesurfer-7.1.1/sub-01_ses-01/stats/rh.aparc.stats
freesurfer-7.1.1/sub-01_ses-01/stats/rh.BA_exvivo.stats
freesurfer-7.1.1/sub-01_ses-01/stats/rh.BA_exvivo.thresh.stats
freesurfer-7.1.1/sub-01_ses-01/stats/rh.curv.stats
freesurfer-7.1.1/sub-01_ses-01/stats/rh.w-g.pct.stats
freesurfer-7.1.1/sub-01_ses-01/stats/wmparc.stats
freesurfer-7.1.1/sub-01_ses-01/surf/autodet.gw.stats.lh.dat
freesurfer-7.1.1/sub-01_ses-01/surf/autodet.gw.stats.rh.dat
freesurfer-7.1.1/sub-01_ses-01/surf/lh.area
freesurfer-7.1.1/sub-01_ses-01/surf/lh.area.mid
freesurfer-7.1.1/sub-01_ses-01/surf/lh.area.pial
freesurfer-7.1.1/sub-01_ses-01/surf/lh.avg_curv
freesurfer-7.1.1/sub-01_ses-01/surf/lh.curv
freesurfer-7.1.1/sub-01_ses-01/surf/lh.curv.pial
freesurfer-7.1.1/sub-01_ses-01/surf/lh.defect_borders
freesurfer-7.1.1/sub-01_ses-01/surf/lh.defect_chull
freesurfer-7.1.1/sub-01_ses-01/surf/lh.defect_labels
freesurfer-7.1.1/sub-01_ses-01/surf/lh.defects.pointset
freesurfer-7.1.1/sub-01_ses-01/surf/lh.inflated
freesurfer-7.1.1/sub-01_ses-01/surf/lh.inflated.H
freesurfer-7.1.1/sub-01_ses-01/surf/lh.inflated.K
freesurfer-7.1.1/sub-01_ses-01/surf/lh.inflated.nofix
freesurfer-7.1.1/sub-01_ses-01/surf/lh.jacobian_white
freesurfer-7.1.1/sub-01_ses-01/surf/lh.orig
freesurfer-7.1.1/sub-01_ses-01/surf/lh.orig.nofix
freesurfer-7.1.1/sub-01_ses-01/surf/lh.orig.premesh
freesurfer-7.1.1/sub-01_ses-01/surf/lh.pial.T1
freesurfer-7.1.1/sub-01_ses-01/surf/lh.qsphere.nofix
freesurfer-7.1.1/sub-01_ses-01/surf/lh.smoothwm
freesurfer-7.1.1/sub-01_ses-01/surf/lh.smoothwm.BE.crv
freesurfer-7.1.1/sub-01_ses-01/surf/lh.smoothwm.C.crv
freesurfer-7.1.1/sub-01_ses-01/surf/lh.smoothwm.FI.crv
freesurfer-7.1.1/sub-01_ses-01/surf/lh.smoothwm.H.crv
freesurfer-7.1.1/sub-01_ses-01/surf/lh.smoothwm.K1.crv
freesurfer-7.1.1/sub-01_ses-01/surf/lh.smoothwm.K2.crv
freesurfer-7.1.1/sub-01_ses-01/surf/lh.smoothwm.K.crv
freesurfer-7.1.1/sub-01_ses-01/surf/lh.smoothwm.nofix
freesurfer-7.1.1/sub-01_ses-01/surf/lh.smoothwm.S.crv
freesurfer-7.1.1/sub-01_ses-01/surf/lh.sphere
freesurfer-7.1.1/sub-01_ses-01/surf/lh.sphere.reg
freesurfer-7.1.1/sub-01_ses-01/surf/lh.sulc
freesurfer-7.1.1/sub-01_ses-01/surf/lh.thickness
freesurfer-7.1.1/sub-01_ses-01/surf/lh.volume
freesurfer-7.1.1/sub-01_ses-01/surf/lh.w-g.pct.mgh
freesurfer-7.1.1/sub-01_ses-01/surf/lh.white
freesurfer-7.1.1/sub-01_ses-01/surf/lh.white.preaparc
freesurfer-7.1.1/sub-01_ses-01/surf/lh.white.preaparc.H
freesurfer-7.1.1/sub-01_ses-01/surf/lh.white.preaparc.K
freesurfer-7.1.1/sub-01_ses-01/surf/rh.area
freesurfer-7.1.1/sub-01_ses-01/surf/rh.area.mid
freesurfer-7.1.1/sub-01_ses-01/surf/rh.area.pial
freesurfer-7.1.1/sub-01_ses-01/surf/rh.avg_curv
freesurfer-7.1.1/sub-01_ses-01/surf/rh.curv
freesurfer-7.1.1/sub-01_ses-01/surf/rh.curv.pial
freesurfer-7.1.1/sub-01_ses-01/surf/rh.defect_borders
freesurfer-7.1.1/sub-01_ses-01/surf/rh.defect_chull
freesurfer-7.1.1/sub-01_ses-01/surf/rh.defect_labels
freesurfer-7.1.1/sub-01_ses-01/surf/rh.defects.pointset
freesurfer-7.1.1/sub-01_ses-01/surf/rh.inflated
freesurfer-7.1.1/sub-01_ses-01/surf/rh.inflated.H
freesurfer-7.1.1/sub-01_ses-01/surf/rh.inflated.K
freesurfer-7.1.1/sub-01_ses-01/surf/rh.inflated.nofix
freesurfer-7.1.1/sub-01_ses-01/surf/rh.jacobian_white
freesurfer-7.1.1/sub-01_ses-01/surf/rh.orig
freesurfer-7.1.1/sub-01_ses-01/surf/rh.orig.nofix
freesurfer-7.1.1/sub-01_ses-01/surf/rh.orig.premesh
freesurfer-7.1.1/sub-01_ses-01/surf/rh.pial.T1
freesurfer-7.1.1/sub-01_ses-01/surf/rh.qsphere.nofix
freesurfer-7.1.1/sub-01_ses-01/surf/rh.smoothwm
freesurfer-7.1.1/sub-01_ses-01/surf/rh.smoothwm.BE.crv
freesurfer-7.1.1/sub-01_ses-01/surf/rh.smoothwm.C.crv
freesurfer-7.1.1/sub-01_ses-01/surf/rh.smoothwm.FI.crv
freesurfer-7.1.1/sub-01_ses-01/surf/rh.smoothwm.H.crv
freesurfer-7.1.1/sub-01_ses-01/surf/rh.smoothwm.K1.crv
freesurfer-7.1.1/sub-01_ses-01/surf/rh.smoothwm.K2.crv
freesurfer-7.1.1/sub-01_ses-01/surf/rh.smoothwm.K.crv
freesurfer-7.1.1/sub-01_ses-01/surf/rh.smoothwm.nofix
freesurfer-7.1.1/sub-01_ses-01/surf/rh.smoothwm.S.crv
freesurfer-7.1.1/sub-01_ses-01/surf/rh.sphere
freesurfer-7.1.1/sub-01_ses-01/surf/rh.sphere.reg
freesurfer-7.1.1/sub-01_ses-01/surf/rh.sulc
freesurfer-7.1.1/sub-01_ses-01/surf/rh.thickness
freesurfer-7.1.1/sub-01_ses-01/surf/rh.volume
freesurfer-7.1.1/sub-01_ses-01/surf/rh.w-g.pct.mgh
freesurfer-7.1.1/sub-01_ses-01/surf/rh.white
freesurfer-7.1.1/sub-01_ses-01/surf/rh.white.preaparc
freesurfer-7.1.1/sub-01_ses-01/surf/rh.white.preaparc.H
freesurfer-7.1.1/sub-01_ses-01/surf/rh.white.preaparc.K
freesurfer-7.1.1/sub-01_ses-01/tmp/aparc+aseg.Lausanne2018.native.nii.gz
freesurfer-7.1.1/sub-01_ses-01/tmp/aparc+aseg.mgz
freesurfer-7.1.1/sub-01_ses-01/tmp/aparc+aseg.native.nii.gz
freesurfer-7.1.1/sub-01_ses-01/tmp/ROI_scale1_Lausanne2018.nii.gz
freesurfer-7.1.1/sub-01_ses-01/tmp/ROI_scale2_Lausanne2018.nii.gz
freesurfer-7.1.1/sub-01_ses-01/tmp/ROI_scale3_Lausanne2018.nii.gz
freesurfer-7.1.1/sub-01_ses-01/tmp/ROI_scale4_Lausanne2018.nii.gz
freesurfer-7.1.1/sub-01_ses-01/tmp/ROI_scale5_Lausanne2018.nii.gz
freesurfer-7.1.1/sub-01_ses-01/touch/apas2aseg.touch
freesurfer-7.1.1/sub-01_ses-01/touch/asegmerge.touch
freesurfer-7.1.1/sub-01_ses-01/touch/ca_label.touch
freesurfer-7.1.1/sub-01_ses-01/touch/ca_normalize.touch
freesurfer-7.1.1/sub-01_ses-01/touch/ca_register.touch
freesurfer-7.1.1/sub-01_ses-01/touch/conform.touch
freesurfer-7.1.1/sub-01_ses-01/touch/cortical_ribbon.touch
freesurfer-7.1.1/sub-01_ses-01/touch/em_register.touch
freesurfer-7.1.1/sub-01_ses-01/touch/fill.touch
freesurfer-7.1.1/sub-01_ses-01/touch/inorm1.touch
freesurfer-7.1.1/sub-01_ses-01/touch/inorm2.touch
freesurfer-7.1.1/sub-01_ses-01/touch/lh.aparc2.touch
freesurfer-7.1.1/sub-01_ses-01/touch/lh.aparcstats2.touch
freesurfer-7.1.1/sub-01_ses-01/touch/lh.aparcstats3.touch
freesurfer-7.1.1/sub-01_ses-01/touch/lh.aparcstats.touch
freesurfer-7.1.1/sub-01_ses-01/touch/lh.aparc.touch
freesurfer-7.1.1/sub-01_ses-01/touch/lh.autodet.gw.stats.touch
freesurfer-7.1.1/sub-01_ses-01/touch/lh.avgcurv.touch
freesurfer-7.1.1/sub-01_ses-01/touch/lh.cortex+hipamyg.touch
freesurfer-7.1.1/sub-01_ses-01/touch/lh.cortex.touch
freesurfer-7.1.1/sub-01_ses-01/touch/lh.curvstats.touch
freesurfer-7.1.1/sub-01_ses-01/touch/lh.inflate1.touch
freesurfer-7.1.1/sub-01_ses-01/touch/lh.inflate2.touch
freesurfer-7.1.1/sub-01_ses-01/touch/lh.inflate.H.K.touch
freesurfer-7.1.1/sub-01_ses-01/touch/lh.jacobian_white.touch
freesurfer-7.1.1/sub-01_ses-01/touch/lh.pctsurfcon.touch
freesurfer-7.1.1/sub-01_ses-01/touch/lh.qsphere.touch
freesurfer-7.1.1/sub-01_ses-01/touch/lh.smoothwm1.touch
freesurfer-7.1.1/sub-01_ses-01/touch/lh.smoothwm2.touch
freesurfer-7.1.1/sub-01_ses-01/touch/lh.sphmorph.touch
freesurfer-7.1.1/sub-01_ses-01/touch/lh.sphreg.touch
freesurfer-7.1.1/sub-01_ses-01/touch/lh.tessellate.touch
freesurfer-7.1.1/sub-01_ses-01/touch/lh.topofix.touch
freesurfer-7.1.1/sub-01_ses-01/touch/lh.white.H.K.touch
freesurfer-7.1.1/sub-01_ses-01/touch/lh.white.preaparc.touch
freesurfer-7.1.1/sub-01_ses-01/touch/lh.white.touch
freesurfer-7.1.1/sub-01_ses-01/touch/nu.touch
freesurfer-7.1.1/sub-01_ses-01/touch/relabelhypos.touch
freesurfer-7.1.1/sub-01_ses-01/touch/rh.aparc2.touch
freesurfer-7.1.1/sub-01_ses-01/touch/rh.aparcstats2.touch
freesurfer-7.1.1/sub-01_ses-01/touch/rh.aparcstats3.touch
freesurfer-7.1.1/sub-01_ses-01/touch/rh.aparcstats.touch
freesurfer-7.1.1/sub-01_ses-01/touch/rh.aparc.touch
freesurfer-7.1.1/sub-01_ses-01/touch/rh.autodet.gw.stats.touch
freesurfer-7.1.1/sub-01_ses-01/touch/rh.avgcurv.touch
freesurfer-7.1.1/sub-01_ses-01/touch/rh.cortex+hipamyg.touch
freesurfer-7.1.1/sub-01_ses-01/touch/rh.cortex.touch
freesurfer-7.1.1/sub-01_ses-01/touch/rh.curvstats.touch
freesurfer-7.1.1/sub-01_ses-01/touch/rh.inflate1.touch
freesurfer-7.1.1/sub-01_ses-01/touch/rh.inflate2.touch
freesurfer-7.1.1/sub-01_ses-01/touch/rh.inflate.H.K.touch
freesurfer-7.1.1/sub-01_ses-01/touch/rh.jacobian_white.touch
freesurfer-7.1.1/sub-01_ses-01/touch/rh.pctsurfcon.touch
freesurfer-7.1.1/sub-01_ses-01/touch/rh.qsphere.touch
freesurfer-7.1.1/sub-01_ses-01/touch/rh.smoothwm1.touch
freesurfer-7.1.1/sub-01_ses-01/touch/rh.smoothwm2.touch
freesurfer-7.1.1/sub-01_ses-01/touch/rh.sphmorph.touch
freesurfer-7.1.1/sub-01_ses-01/touch/rh.sphreg.touch
freesurfer-7.1.1/sub-01_ses-01/touch/rh.tessellate.touch
freesurfer-7.1.1/sub-01_ses-01/touch/rh.topofix.touch
freesurfer-7.1.1/sub-01_ses-01/touch/rh.white.H.K.touch
freesurfer-7.1.1/sub-01_ses-01/touch/rh.white.preaparc.touch
freesurfer-7.1.1/sub-01_ses-01/touch/rh.white.touch
freesurfer-7.1.1/sub-01_ses-01/touch/segstats.touch
freesurfer-7.1.1/sub-01_ses-01/touch/skull.lta.touch
freesurfer-7.1.1/sub-01_ses-01/touch/skull_strip.touch
freesurfer-7.1.1/sub-01_ses-01/touch/talairach.touch
freesurfer-7.1.1/sub-01_ses-01/touch/wmaparc.stats.touch
freesurfer-7.1.1/sub-01_ses-01/touch/wmsegment.touch
nipype-1.8.0/dataset_description.json
nipype-1.8.0/sub-01/ses-01/anatomical_pipeline/anat_datasinker/_inputs.pklz
nipype-1.8.0/sub-01/ses-01/anatomical_pipeline/anat_datasinker/_node.pklz
nipype-1.8.0/sub-01/ses-01/anatomical_pipeline/anat_datasinker/_report/report.rst
nipype-1.8.0/sub-01/ses-01/anatomical_pipeline/anat_datasinker/result_anat_datasinker.pklz
nipype-1.8.0/sub-01/ses-01/anatomical_pipeline/anat_datasource/_inputs.pklz
nipype-1.8.0/sub-01/ses-01/anatomical_pipeline/anat_datasource/_node.pklz
nipype-1.8.0/sub-01/ses-01/anatomical_pipeline/anat_datasource/_report/report.rst
nipype-1.8.0/sub-01/ses-01/anatomical_pipeline/anat_datasource/result_anat_datasource.pklz
nipype-1.8.0/sub-01/ses-01/anatomical_pipeline/d3.js
nipype-1.8.0/sub-01/ses-01/anatomical_pipeline/graph1.json
nipype-1.8.0/sub-01/ses-01/anatomical_pipeline/graph.dot
nipype-1.8.0/sub-01/ses-01/anatomical_pipeline/graph.json
nipype-1.8.0/sub-01/ses-01/anatomical_pipeline/graph.svg
nipype-1.8.0/sub-01/ses-01/anatomical_pipeline/index.html
nipype-1.8.0/sub-01/ses-01/anatomical_pipeline/parcellation_stage/compute_roi_volumetry/freesurferaparc_roi_stats.tsv
nipype-1.8.0/sub-01/ses-01/anatomical_pipeline/parcellation_stage/compute_roi_volumetry/_inputs.pklz
nipype-1.8.0/sub-01/ses-01/anatomical_pipeline/parcellation_stage/compute_roi_volumetry/_node.pklz
nipype-1.8.0/sub-01/ses-01/anatomical_pipeline/parcellation_stage/compute_roi_volumetry/_report/report.rst
nipype-1.8.0/sub-01/ses-01/anatomical_pipeline/parcellation_stage/compute_roi_volumetry/result_compute_roi_volumetry.pklz
nipype-1.8.0/sub-01/ses-01/anatomical_pipeline/parcellation_stage/createBIDSLabelIndexMappingFile/_inputs.pklz
nipype-1.8.0/sub-01/ses-01/anatomical_pipeline/parcellation_stage/createBIDSLabelIndexMappingFile/_node.pklz
nipype-1.8.0/sub-01/ses-01/anatomical_pipeline/parcellation_stage/createBIDSLabelIndexMappingFile/_report/report.rst
nipype-1.8.0/sub-01/ses-01/anatomical_pipeline/parcellation_stage/createBIDSLabelIndexMappingFile/result_createBIDSLabelIndexMappingFile.pklz
nipype-1.8.0/sub-01/ses-01/anatomical_pipeline/parcellation_stage/NativeFreesurfer_parcellation/aparc+aseg.native.nii.gz
nipype-1.8.0/sub-01/ses-01/anatomical_pipeline/parcellation_stage/NativeFreesurfer_parcellation/brain_eroded.nii.gz
nipype-1.8.0/sub-01/ses-01/anatomical_pipeline/parcellation_stage/NativeFreesurfer_parcellation/brain_mask.nii.gz
nipype-1.8.0/sub-01/ses-01/anatomical_pipeline/parcellation_stage/NativeFreesurfer_parcellation/brain.nii.gz
nipype-1.8.0/sub-01/ses-01/anatomical_pipeline/parcellation_stage/NativeFreesurfer_parcellation/csf_eroded.nii.gz
nipype-1.8.0/sub-01/ses-01/anatomical_pipeline/parcellation_stage/NativeFreesurfer_parcellation/csf_mask.nii.gz
nipype-1.8.0/sub-01/ses-01/anatomical_pipeline/parcellation_stage/NativeFreesurfer_parcellation/fsmask_1mm.nii.gz
nipype-1.8.0/sub-01/ses-01/anatomical_pipeline/parcellation_stage/NativeFreesurfer_parcellation/gmmask.nii.gz
nipype-1.8.0/sub-01/ses-01/anatomical_pipeline/parcellation_stage/NativeFreesurfer_parcellation/_inputs.pklz
nipype-1.8.0/sub-01/ses-01/anatomical_pipeline/parcellation_stage/NativeFreesurfer_parcellation/_node.pklz
nipype-1.8.0/sub-01/ses-01/anatomical_pipeline/parcellation_stage/NativeFreesurfer_parcellation/_report/report.rst
nipype-1.8.0/sub-01/ses-01/anatomical_pipeline/parcellation_stage/NativeFreesurfer_parcellation/result_NativeFreesurfer_parcellation.pklz
nipype-1.8.0/sub-01/ses-01/anatomical_pipeline/parcellation_stage/NativeFreesurfer_parcellation/ribbon.nii.gz
nipype-1.8.0/sub-01/ses-01/anatomical_pipeline/parcellation_stage/NativeFreesurfer_parcellation/ROIv_HR_th_freesurferaparc.nii.gz
nipype-1.8.0/sub-01/ses-01/anatomical_pipeline/parcellation_stage/NativeFreesurfer_parcellation/T1.nii.gz
nipype-1.8.0/sub-01/ses-01/anatomical_pipeline/parcellation_stage/NativeFreesurfer_parcellation/wm_eroded.nii.gz
nipype-1.8.0/sub-01/ses-01/anatomical_pipeline/pypeline.log